// Jest Snapshot v1, https://goo.gl/fbAQLP

exports[`OrderService export (regression snapshot) orderLogToRawCsv output is stable (regression snapshot) 1`] = `
[
  {
    "下單國家": "Taiwan TW",
    "交易渠道": "spgateway",
    "交易編號": "PAY-1-HIT
PAY-1-MISS",
    "付款方式": "信用卡
unknown_method",
    "付款時間": "2024/01/01 12:00
",
    "商品備註": "",
    "寄送": "是",
    "承辦人與分潤": "Executor One 1",
    "折扣名稱": "Coupon Discount $100 - COUPONCODE1
Unmatched Discount $50",
    "折扣總額": 150,
    "推廣備註": "sharing note 1
",
    "推廣網址": "SC1
SC2",
    "推薦人": "referrer1@mail.com",
    "收件人": "Receiver One",
    "收件地址": "100TaipeiZhongzhengAddress One",
    "收件電話": "0912345678",
    "會員信箱": "member1@mail.com",
    "會員姓名": "Member One(member1)",
    "發票信箱": "invoice1@mail.com",
    "發票地址": "Invoice Address One",
    "發票姓名": "Invoice One",
    "發票對象": "公司",
    "發票抬頭": "Company One",
    "發票捐贈碼": "",
    "發票狀態": "ISSUED",
    "發票統編": "12345678",
    "發票編號": "",
    "發票載具": "",
    "發票開立時間": "2024/01/01 13:00
",
    "發票電話": "0987654321",
    "訂單建立時間": "2024/01/01 11:00",
    "訂單狀態": "SUCCESS",
    "訂單編號": "order-log-1",
    "訂單總額": 1410,
    "贈品項目": "Product Miss",
    "運費": 60,
    "項目名稱": "Product Hit * 1 - Owner One $1000
Product Miss * 2 -  $500",
    "項目總數": 3,
    "項目總額": 1500,
  },
  {
    "下單國家": "Japan JP",
    "交易渠道": "ecpay",
    "交易編號": "PAY-2-EMPTY",
    "付款方式": "",
    "付款時間": "",
    "商品備註": "",
    "寄送": "否",
    "承辦人與分潤": "",
    "折扣名稱": "",
    "折扣總額": 0,
    "推廣備註": "",
    "推廣網址": "",
    "推薦人": "",
    "收件人": "",
    "收件地址": "",
    "收件電話": "",
    "會員信箱": "member2@mail.com",
    "會員姓名": "Member Two(member2)",
    "發票信箱": "",
    "發票地址": "2000",
    "發票姓名": "",
    "發票對象": "捐贈",
    "發票抬頭": "",
    "發票捐贈碼": "DONATE-1",
    "發票狀態": "",
    "發票統編": "",
    "發票編號": "",
    "發票載具": "手機",
    "發票開立時間": "",
    "發票電話": "",
    "訂單建立時間": "2024/02/02 11:00",
    "訂單狀態": "PARTIAL_REFUND",
    "訂單編號": "order-log-2",
    "訂單總額": 300,
    "贈品項目": "",
    "運費": "",
    "項目名稱": "Product Two * 1 -  $300",
    "項目總數": 1,
    "項目總額": 300,
  },
]
`;

exports[`OrderService export (regression snapshot) orderProductToRawCsv output is stable (regression snapshot) 1`] = `
[
  {
    "下單國家": "Taiwan TW",
    "付款時間": "2024/01/01 12:00",
    "創作者": "Owner One",
    "推廣網址": "SC1",
    "推薦人": "referrer1@mail.com",
    "訂單建立時間": "2024/01/01 11:00",
    "訂單編號": "order-log-1",
    "項目到期時間": "2024/06/01 08:00",
    "項目名稱": "Product Hit",
    "項目數量": 1,
    "項目編號": "product-id-hit",
    "項目金額": 1000,
    "項目類別": "ProgramPlan",
  },
  {
    "下單國家": "Japan JP",
    "付款時間": "",
    "創作者": "",
    "推廣網址": "",
    "推薦人": "",
    "訂單建立時間": "2024/02/02 11:00",
    "訂單編號": "order-log-2",
    "項目到期時間": "2024/06/02 08:00",
    "項目名稱": "Product Miss",
    "項目數量": 1,
    "項目編號": "product-id-miss",
    "項目金額": 300,
    "項目類別": "PodcastPlan",
  },
]
`;
